--------------------------------------------------------------------------------
Release 14.7 Trace  (nt64)
Copyright (c) 1995-2013 Xilinx, Inc.  All rights reserved.

E:\Xilinx\14.7\ISE_DS\ISE\bin\nt64\unwrapped\trce.exe -intstyle ise -v 3 -s 3
-n 3 -fastpaths -xml adder_32_simple.twx adder_32_simple.ncd -o
adder_32_simple.twr adder_32_simple.pcf

Design file:              adder_32_simple.ncd
Physical constraint file: adder_32_simple.pcf
Device,package,speed:     xc7a100t,csg324,C,-3 (PRODUCTION 1.10 2013-10-13)
Report level:             verbose report

Environment Variable      Effect 
--------------------      ------ 
NONE                      No environment variables were set
--------------------------------------------------------------------------------

INFO:Timing:2698 - No timing constraints found, doing default enumeration.
INFO:Timing:3412 - To improve timing, see the Timing Closure User Guide (UG612).
INFO:Timing:2752 - To get complete path coverage, use the unconstrained paths 
   option. All paths that are not constrained will be reported in the 
   unconstrained paths section(s) of the report.
INFO:Timing:3339 - The clock-to-out numbers in this timing report are based on 
   a 50 Ohm transmission line loading model.  For the details of this model, 
   and for more information on accounting for different loading conditions, 
   please see the device datasheet.



Data Sheet report:
-----------------
All values displayed in nanoseconds (ns)

Pad to Pad
---------------+---------------+---------+
Source Pad     |Destination Pad|  Delay  |
---------------+---------------+---------+
a<0>           |out<0>         |    7.598|
a<0>           |out<1>         |    7.601|
a<0>           |out<2>         |    7.852|
a<0>           |out<3>         |    7.895|
a<0>           |out<4>         |    7.950|
a<0>           |out<5>         |    7.670|
a<0>           |out<6>         |    7.843|
a<0>           |out<7>         |    7.639|
a<0>           |out<8>         |    6.183|
a<0>           |out<9>         |    7.633|
a<0>           |out<10>        |    7.617|
a<0>           |out<11>        |    7.789|
a<0>           |out<12>        |    7.843|
a<0>           |out<13>        |    8.052|
a<0>           |out<14>        |    7.963|
a<0>           |out<15>        |    8.005|
a<0>           |out<16>        |    7.791|
a<0>           |out<17>        |    7.898|
a<0>           |out<18>        |    7.808|
a<0>           |out<19>        |    8.242|
a<0>           |out<20>        |    8.047|
a<0>           |out<21>        |    8.095|
a<0>           |out<22>        |    7.969|
a<0>           |out<23>        |    8.263|
a<0>           |out<24>        |    8.315|
a<0>           |out<25>        |    8.264|
a<0>           |out<26>        |    8.024|
a<0>           |out<27>        |    8.505|
a<0>           |out<28>        |    8.362|
a<0>           |out<29>        |    8.383|
a<0>           |out<30>        |    8.245|
a<0>           |out<31>        |    8.503|
a<1>           |out<1>         |    7.538|
a<1>           |out<2>         |    7.947|
a<1>           |out<3>         |    7.991|
a<1>           |out<4>         |    8.042|
a<1>           |out<5>         |    7.762|
a<1>           |out<6>         |    7.935|
a<1>           |out<7>         |    7.731|
a<1>           |out<8>         |    6.275|
a<1>           |out<9>         |    7.725|
a<1>           |out<10>        |    7.709|
a<1>           |out<11>        |    7.881|
a<1>           |out<12>        |    7.935|
a<1>           |out<13>        |    8.144|
a<1>           |out<14>        |    8.055|
a<1>           |out<15>        |    8.097|
a<1>           |out<16>        |    7.883|
a<1>           |out<17>        |    7.990|
a<1>           |out<18>        |    7.900|
a<1>           |out<19>        |    8.334|
a<1>           |out<20>        |    8.139|
a<1>           |out<21>        |    8.187|
a<1>           |out<22>        |    8.061|
a<1>           |out<23>        |    8.355|
a<1>           |out<24>        |    8.407|
a<1>           |out<25>        |    8.356|
a<1>           |out<26>        |    8.116|
a<1>           |out<27>        |    8.597|
a<1>           |out<28>        |    8.454|
a<1>           |out<29>        |    8.475|
a<1>           |out<30>        |    8.337|
a<1>           |out<31>        |    8.595|
a<2>           |out<2>         |    7.691|
a<2>           |out<3>         |    7.764|
a<2>           |out<4>         |    7.914|
a<2>           |out<5>         |    7.634|
a<2>           |out<6>         |    7.807|
a<2>           |out<7>         |    7.603|
a<2>           |out<8>         |    6.147|
a<2>           |out<9>         |    7.597|
a<2>           |out<10>        |    7.581|
a<2>           |out<11>        |    7.753|
a<2>           |out<12>        |    7.807|
a<2>           |out<13>        |    8.016|
a<2>           |out<14>        |    7.927|
a<2>           |out<15>        |    7.969|
a<2>           |out<16>        |    7.755|
a<2>           |out<17>        |    7.862|
a<2>           |out<18>        |    7.772|
a<2>           |out<19>        |    8.206|
a<2>           |out<20>        |    8.011|
a<2>           |out<21>        |    8.059|
a<2>           |out<22>        |    7.933|
a<2>           |out<23>        |    8.227|
a<2>           |out<24>        |    8.279|
a<2>           |out<25>        |    8.228|
a<2>           |out<26>        |    7.988|
a<2>           |out<27>        |    8.469|
a<2>           |out<28>        |    8.326|
a<2>           |out<29>        |    8.347|
a<2>           |out<30>        |    8.209|
a<2>           |out<31>        |    8.467|
a<3>           |out<3>         |    7.331|
a<3>           |out<4>         |    7.601|
a<3>           |out<5>         |    7.321|
a<3>           |out<6>         |    7.494|
a<3>           |out<7>         |    7.290|
a<3>           |out<8>         |    5.834|
a<3>           |out<9>         |    7.284|
a<3>           |out<10>        |    7.268|
a<3>           |out<11>        |    7.440|
a<3>           |out<12>        |    7.494|
a<3>           |out<13>        |    7.703|
a<3>           |out<14>        |    7.614|
a<3>           |out<15>        |    7.656|
a<3>           |out<16>        |    7.442|
a<3>           |out<17>        |    7.549|
a<3>           |out<18>        |    7.459|
a<3>           |out<19>        |    7.893|
a<3>           |out<20>        |    7.698|
a<3>           |out<21>        |    7.746|
a<3>           |out<22>        |    7.620|
a<3>           |out<23>        |    7.914|
a<3>           |out<24>        |    7.966|
a<3>           |out<25>        |    7.915|
a<3>           |out<26>        |    7.675|
a<3>           |out<27>        |    8.156|
a<3>           |out<28>        |    8.013|
a<3>           |out<29>        |    8.034|
a<3>           |out<30>        |    7.896|
a<3>           |out<31>        |    8.154|
a<4>           |out<4>         |    7.725|
a<4>           |out<5>         |    7.492|
a<4>           |out<6>         |    7.811|
a<4>           |out<7>         |    7.598|
a<4>           |out<8>         |    6.212|
a<4>           |out<9>         |    7.662|
a<4>           |out<10>        |    7.646|
a<4>           |out<11>        |    7.818|
a<4>           |out<12>        |    7.872|
a<4>           |out<13>        |    8.081|
a<4>           |out<14>        |    7.992|
a<4>           |out<15>        |    8.034|
a<4>           |out<16>        |    7.820|
a<4>           |out<17>        |    7.927|
a<4>           |out<18>        |    7.837|
a<4>           |out<19>        |    8.271|
a<4>           |out<20>        |    8.076|
a<4>           |out<21>        |    8.124|
a<4>           |out<22>        |    7.998|
a<4>           |out<23>        |    8.292|
a<4>           |out<24>        |    8.344|
a<4>           |out<25>        |    8.293|
a<4>           |out<26>        |    8.053|
a<4>           |out<27>        |    8.534|
a<4>           |out<28>        |    8.391|
a<4>           |out<29>        |    8.412|
a<4>           |out<30>        |    8.274|
a<4>           |out<31>        |    8.532|
a<5>           |out<5>         |    7.469|
a<5>           |out<6>         |    7.946|
a<5>           |out<7>         |    7.734|
a<5>           |out<8>         |    6.344|
a<5>           |out<9>         |    7.794|
a<5>           |out<10>        |    7.778|
a<5>           |out<11>        |    7.950|
a<5>           |out<12>        |    8.004|
a<5>           |out<13>        |    8.213|
a<5>           |out<14>        |    8.124|
a<5>           |out<15>        |    8.166|
a<5>           |out<16>        |    7.952|
a<5>           |out<17>        |    8.059|
a<5>           |out<18>        |    7.969|
a<5>           |out<19>        |    8.403|
a<5>           |out<20>        |    8.208|
a<5>           |out<21>        |    8.256|
a<5>           |out<22>        |    8.130|
a<5>           |out<23>        |    8.424|
a<5>           |out<24>        |    8.476|
a<5>           |out<25>        |    8.425|
a<5>           |out<26>        |    8.185|
a<5>           |out<27>        |    8.666|
a<5>           |out<28>        |    8.523|
a<5>           |out<29>        |    8.544|
a<5>           |out<30>        |    8.406|
a<5>           |out<31>        |    8.664|
a<6>           |out<6>         |    7.286|
a<6>           |out<7>         |    7.124|
a<6>           |out<8>         |    5.812|
a<6>           |out<9>         |    7.262|
a<6>           |out<10>        |    7.246|
a<6>           |out<11>        |    7.418|
a<6>           |out<12>        |    7.472|
a<6>           |out<13>        |    7.681|
a<6>           |out<14>        |    7.592|
a<6>           |out<15>        |    7.634|
a<6>           |out<16>        |    7.420|
a<6>           |out<17>        |    7.527|
a<6>           |out<18>        |    7.437|
a<6>           |out<19>        |    7.871|
a<6>           |out<20>        |    7.676|
a<6>           |out<21>        |    7.724|
a<6>           |out<22>        |    7.598|
a<6>           |out<23>        |    7.892|
a<6>           |out<24>        |    7.944|
a<6>           |out<25>        |    7.893|
a<6>           |out<26>        |    7.653|
a<6>           |out<27>        |    8.134|
a<6>           |out<28>        |    7.991|
a<6>           |out<29>        |    8.012|
a<6>           |out<30>        |    7.874|
a<6>           |out<31>        |    8.132|
a<7>           |out<7>         |    7.312|
a<7>           |out<8>         |    6.094|
a<7>           |out<9>         |    7.544|
a<7>           |out<10>        |    7.528|
a<7>           |out<11>        |    7.700|
a<7>           |out<12>        |    7.754|
a<7>           |out<13>        |    7.963|
a<7>           |out<14>        |    7.874|
a<7>           |out<15>        |    7.916|
a<7>           |out<16>        |    7.702|
a<7>           |out<17>        |    7.809|
a<7>           |out<18>        |    7.719|
a<7>           |out<19>        |    8.153|
a<7>           |out<20>        |    7.958|
a<7>           |out<21>        |    8.006|
a<7>           |out<22>        |    7.880|
a<7>           |out<23>        |    8.174|
a<7>           |out<24>        |    8.226|
a<7>           |out<25>        |    8.175|
a<7>           |out<26>        |    7.935|
a<7>           |out<27>        |    8.416|
a<7>           |out<28>        |    8.273|
a<7>           |out<29>        |    8.294|
a<7>           |out<30>        |    8.156|
a<7>           |out<31>        |    8.414|
a<8>           |out<8>         |    6.033|
a<8>           |out<9>         |    7.530|
a<8>           |out<10>        |    7.660|
a<8>           |out<11>        |    7.823|
a<8>           |out<12>        |    7.947|
a<8>           |out<13>        |    8.156|
a<8>           |out<14>        |    8.067|
a<8>           |out<15>        |    8.109|
a<8>           |out<16>        |    7.895|
a<8>           |out<17>        |    8.002|
a<8>           |out<18>        |    7.912|
a<8>           |out<19>        |    8.346|
a<8>           |out<20>        |    8.151|
a<8>           |out<21>        |    8.199|
a<8>           |out<22>        |    8.073|
a<8>           |out<23>        |    8.367|
a<8>           |out<24>        |    8.419|
a<8>           |out<25>        |    8.368|
a<8>           |out<26>        |    8.128|
a<8>           |out<27>        |    8.609|
a<8>           |out<28>        |    8.466|
a<8>           |out<29>        |    8.487|
a<8>           |out<30>        |    8.349|
a<8>           |out<31>        |    8.607|
a<9>           |out<9>         |    7.469|
a<9>           |out<10>        |    7.757|
a<9>           |out<11>        |    7.921|
a<9>           |out<12>        |    8.041|
a<9>           |out<13>        |    8.250|
a<9>           |out<14>        |    8.161|
a<9>           |out<15>        |    8.203|
a<9>           |out<16>        |    7.989|
a<9>           |out<17>        |    8.096|
a<9>           |out<18>        |    8.006|
a<9>           |out<19>        |    8.440|
a<9>           |out<20>        |    8.245|
a<9>           |out<21>        |    8.293|
a<9>           |out<22>        |    8.167|
a<9>           |out<23>        |    8.461|
a<9>           |out<24>        |    8.513|
a<9>           |out<25>        |    8.462|
a<9>           |out<26>        |    8.222|
a<9>           |out<27>        |    8.703|
a<9>           |out<28>        |    8.560|
a<9>           |out<29>        |    8.581|
a<9>           |out<30>        |    8.443|
a<9>           |out<31>        |    8.701|
a<10>          |out<10>        |    7.521|
a<10>          |out<11>        |    7.714|
a<10>          |out<12>        |    7.933|
a<10>          |out<13>        |    8.142|
a<10>          |out<14>        |    8.053|
a<10>          |out<15>        |    8.095|
a<10>          |out<16>        |    7.881|
a<10>          |out<17>        |    7.988|
a<10>          |out<18>        |    7.898|
a<10>          |out<19>        |    8.332|
a<10>          |out<20>        |    8.137|
a<10>          |out<21>        |    8.185|
a<10>          |out<22>        |    8.059|
a<10>          |out<23>        |    8.353|
a<10>          |out<24>        |    8.405|
a<10>          |out<25>        |    8.354|
a<10>          |out<26>        |    8.114|
a<10>          |out<27>        |    8.595|
a<10>          |out<28>        |    8.452|
a<10>          |out<29>        |    8.473|
a<10>          |out<30>        |    8.335|
a<10>          |out<31>        |    8.593|
a<11>          |out<11>        |    7.543|
a<11>          |out<12>        |    7.835|
a<11>          |out<13>        |    8.044|
a<11>          |out<14>        |    7.955|
a<11>          |out<15>        |    7.997|
a<11>          |out<16>        |    7.783|
a<11>          |out<17>        |    7.890|
a<11>          |out<18>        |    7.800|
a<11>          |out<19>        |    8.234|
a<11>          |out<20>        |    8.039|
a<11>          |out<21>        |    8.087|
a<11>          |out<22>        |    7.961|
a<11>          |out<23>        |    8.255|
a<11>          |out<24>        |    8.307|
a<11>          |out<25>        |    8.256|
a<11>          |out<26>        |    8.016|
a<11>          |out<27>        |    8.497|
a<11>          |out<28>        |    8.354|
a<11>          |out<29>        |    8.375|
a<11>          |out<30>        |    8.237|
a<11>          |out<31>        |    8.495|
a<12>          |out<12>        |    7.761|
a<12>          |out<13>        |    8.017|
a<12>          |out<14>        |    8.074|
a<12>          |out<15>        |    8.107|
a<12>          |out<16>        |    7.963|
a<12>          |out<17>        |    8.070|
a<12>          |out<18>        |    7.980|
a<12>          |out<19>        |    8.414|
a<12>          |out<20>        |    8.219|
a<12>          |out<21>        |    8.267|
a<12>          |out<22>        |    8.141|
a<12>          |out<23>        |    8.435|
a<12>          |out<24>        |    8.487|
a<12>          |out<25>        |    8.436|
a<12>          |out<26>        |    8.196|
a<12>          |out<27>        |    8.677|
a<12>          |out<28>        |    8.534|
a<12>          |out<29>        |    8.555|
a<12>          |out<30>        |    8.417|
a<12>          |out<31>        |    8.675|
a<13>          |out<13>        |    7.805|
a<13>          |out<14>        |    8.020|
a<13>          |out<15>        |    8.054|
a<13>          |out<16>        |    7.906|
a<13>          |out<17>        |    8.013|
a<13>          |out<18>        |    7.923|
a<13>          |out<19>        |    8.357|
a<13>          |out<20>        |    8.162|
a<13>          |out<21>        |    8.210|
a<13>          |out<22>        |    8.084|
a<13>          |out<23>        |    8.378|
a<13>          |out<24>        |    8.430|
a<13>          |out<25>        |    8.379|
a<13>          |out<26>        |    8.139|
a<13>          |out<27>        |    8.620|
a<13>          |out<28>        |    8.477|
a<13>          |out<29>        |    8.498|
a<13>          |out<30>        |    8.360|
a<13>          |out<31>        |    8.618|
a<14>          |out<14>        |    7.868|
a<14>          |out<15>        |    7.931|
a<14>          |out<16>        |    7.882|
a<14>          |out<17>        |    7.989|
a<14>          |out<18>        |    7.899|
a<14>          |out<19>        |    8.333|
a<14>          |out<20>        |    8.138|
a<14>          |out<21>        |    8.186|
a<14>          |out<22>        |    8.060|
a<14>          |out<23>        |    8.354|
a<14>          |out<24>        |    8.406|
a<14>          |out<25>        |    8.355|
a<14>          |out<26>        |    8.115|
a<14>          |out<27>        |    8.596|
a<14>          |out<28>        |    8.453|
a<14>          |out<29>        |    8.474|
a<14>          |out<30>        |    8.336|
a<14>          |out<31>        |    8.594|
a<15>          |out<15>        |    7.804|
a<15>          |out<16>        |    7.828|
a<15>          |out<17>        |    7.935|
a<15>          |out<18>        |    7.845|
a<15>          |out<19>        |    8.279|
a<15>          |out<20>        |    8.084|
a<15>          |out<21>        |    8.132|
a<15>          |out<22>        |    8.006|
a<15>          |out<23>        |    8.300|
a<15>          |out<24>        |    8.352|
a<15>          |out<25>        |    8.301|
a<15>          |out<26>        |    8.061|
a<15>          |out<27>        |    8.542|
a<15>          |out<28>        |    8.399|
a<15>          |out<29>        |    8.420|
a<15>          |out<30>        |    8.282|
a<15>          |out<31>        |    8.540|
a<16>          |out<16>        |    7.755|
a<16>          |out<17>        |    7.909|
a<16>          |out<18>        |    7.965|
a<16>          |out<19>        |    8.390|
a<16>          |out<20>        |    8.265|
a<16>          |out<21>        |    8.313|
a<16>          |out<22>        |    8.187|
a<16>          |out<23>        |    8.481|
a<16>          |out<24>        |    8.533|
a<16>          |out<25>        |    8.482|
a<16>          |out<26>        |    8.242|
a<16>          |out<27>        |    8.723|
a<16>          |out<28>        |    8.580|
a<16>          |out<29>        |    8.601|
a<16>          |out<30>        |    8.463|
a<16>          |out<31>        |    8.721|
a<17>          |out<17>        |    7.467|
a<17>          |out<18>        |    7.681|
a<17>          |out<19>        |    8.107|
a<17>          |out<20>        |    7.978|
a<17>          |out<21>        |    8.026|
a<17>          |out<22>        |    7.900|
a<17>          |out<23>        |    8.194|
a<17>          |out<24>        |    8.246|
a<17>          |out<25>        |    8.195|
a<17>          |out<26>        |    7.955|
a<17>          |out<27>        |    8.436|
a<17>          |out<28>        |    8.293|
a<17>          |out<29>        |    8.314|
a<17>          |out<30>        |    8.176|
a<17>          |out<31>        |    8.434|
a<18>          |out<18>        |    8.775|
a<18>          |out<19>        |    9.230|
a<18>          |out<20>        |    9.200|
a<18>          |out<21>        |    9.248|
a<18>          |out<22>        |    9.122|
a<18>          |out<23>        |    9.416|
a<18>          |out<24>        |    9.468|
a<18>          |out<25>        |    9.417|
a<18>          |out<26>        |    9.177|
a<18>          |out<27>        |    9.658|
a<18>          |out<28>        |    9.515|
a<18>          |out<29>        |    9.536|
a<18>          |out<30>        |    9.398|
a<18>          |out<31>        |    9.656|
a<19>          |out<19>        |    9.074|
a<19>          |out<20>        |    9.117|
a<19>          |out<21>        |    9.165|
a<19>          |out<22>        |    9.039|
a<19>          |out<23>        |    9.333|
a<19>          |out<24>        |    9.385|
a<19>          |out<25>        |    9.334|
a<19>          |out<26>        |    9.094|
a<19>          |out<27>        |    9.575|
a<19>          |out<28>        |    9.432|
a<19>          |out<29>        |    9.453|
a<19>          |out<30>        |    9.315|
a<19>          |out<31>        |    9.573|
a<20>          |out<20>        |    8.751|
a<20>          |out<21>        |    8.846|
a<20>          |out<22>        |    8.866|
a<20>          |out<23>        |    9.151|
a<20>          |out<24>        |    9.273|
a<20>          |out<25>        |    9.222|
a<20>          |out<26>        |    8.982|
a<20>          |out<27>        |    9.463|
a<20>          |out<28>        |    9.320|
a<20>          |out<29>        |    9.341|
a<20>          |out<30>        |    9.203|
a<20>          |out<31>        |    9.461|
a<21>          |out<21>        |    8.968|
a<21>          |out<22>        |    9.146|
a<21>          |out<23>        |    9.432|
a<21>          |out<24>        |    9.550|
a<21>          |out<25>        |    9.499|
a<21>          |out<26>        |    9.259|
a<21>          |out<27>        |    9.740|
a<21>          |out<28>        |    9.597|
a<21>          |out<29>        |    9.618|
a<21>          |out<30>        |    9.480|
a<21>          |out<31>        |    9.738|
a<22>          |out<22>        |    9.082|
a<22>          |out<23>        |    9.397|
a<22>          |out<24>        |    9.614|
a<22>          |out<25>        |    9.563|
a<22>          |out<26>        |    9.323|
a<22>          |out<27>        |    9.804|
a<22>          |out<28>        |    9.661|
a<22>          |out<29>        |    9.682|
a<22>          |out<30>        |    9.544|
a<22>          |out<31>        |    9.802|
a<23>          |out<23>        |    9.004|
a<23>          |out<24>        |    9.294|
a<23>          |out<25>        |    9.243|
a<23>          |out<26>        |    9.003|
a<23>          |out<27>        |    9.484|
a<23>          |out<28>        |    9.341|
a<23>          |out<29>        |    9.362|
a<23>          |out<30>        |    9.224|
a<23>          |out<31>        |    9.482|
a<24>          |out<24>        |    9.271|
a<24>          |out<25>        |    9.267|
a<24>          |out<26>        |    9.173|
a<24>          |out<27>        |    9.645|
a<24>          |out<28>        |    9.572|
a<24>          |out<29>        |    9.593|
a<24>          |out<30>        |    9.455|
a<24>          |out<31>        |    9.713|
a<25>          |out<25>        |    9.140|
a<25>          |out<26>        |    9.204|
a<25>          |out<27>        |    9.677|
a<25>          |out<28>        |    9.600|
a<25>          |out<29>        |    9.621|
a<25>          |out<30>        |    9.483|
a<25>          |out<31>        |    9.741|
a<26>          |out<26>        |    8.903|
a<26>          |out<27>        |    9.405|
a<26>          |out<28>        |    9.427|
a<26>          |out<29>        |    9.448|
a<26>          |out<30>        |    9.310|
a<26>          |out<31>        |    9.568|
a<27>          |out<27>        |    9.284|
a<27>          |out<28>        |    9.379|
a<27>          |out<29>        |    9.400|
a<27>          |out<30>        |    9.262|
a<27>          |out<31>        |    9.520|
a<28>          |out<28>        |    8.944|
a<28>          |out<29>        |    9.012|
a<28>          |out<30>        |    9.020|
a<28>          |out<31>        |    9.269|
a<29>          |out<29>        |    8.776|
a<29>          |out<30>        |    8.942|
a<29>          |out<31>        |    9.192|
a<30>          |out<30>        |    8.700|
a<30>          |out<31>        |    8.979|
a<31>          |out<31>        |    8.926|
b<0>           |out<0>         |    8.062|
b<0>           |out<1>         |    8.065|
b<0>           |out<2>         |    8.316|
b<0>           |out<3>         |    8.359|
b<0>           |out<4>         |    8.414|
b<0>           |out<5>         |    8.134|
b<0>           |out<6>         |    8.307|
b<0>           |out<7>         |    8.103|
b<0>           |out<8>         |    6.647|
b<0>           |out<9>         |    8.097|
b<0>           |out<10>        |    8.081|
b<0>           |out<11>        |    8.253|
b<0>           |out<12>        |    8.307|
b<0>           |out<13>        |    8.516|
b<0>           |out<14>        |    8.427|
b<0>           |out<15>        |    8.469|
b<0>           |out<16>        |    8.255|
b<0>           |out<17>        |    8.362|
b<0>           |out<18>        |    8.272|
b<0>           |out<19>        |    8.706|
b<0>           |out<20>        |    8.511|
b<0>           |out<21>        |    8.559|
b<0>           |out<22>        |    8.433|
b<0>           |out<23>        |    8.727|
b<0>           |out<24>        |    8.779|
b<0>           |out<25>        |    8.728|
b<0>           |out<26>        |    8.488|
b<0>           |out<27>        |    8.969|
b<0>           |out<28>        |    8.826|
b<0>           |out<29>        |    8.847|
b<0>           |out<30>        |    8.709|
b<0>           |out<31>        |    8.967|
b<1>           |out<1>         |    7.742|
b<1>           |out<2>         |    8.151|
b<1>           |out<3>         |    8.195|
b<1>           |out<4>         |    8.246|
b<1>           |out<5>         |    7.966|
b<1>           |out<6>         |    8.139|
b<1>           |out<7>         |    7.935|
b<1>           |out<8>         |    6.479|
b<1>           |out<9>         |    7.929|
b<1>           |out<10>        |    7.913|
b<1>           |out<11>        |    8.085|
b<1>           |out<12>        |    8.139|
b<1>           |out<13>        |    8.348|
b<1>           |out<14>        |    8.259|
b<1>           |out<15>        |    8.301|
b<1>           |out<16>        |    8.087|
b<1>           |out<17>        |    8.194|
b<1>           |out<18>        |    8.104|
b<1>           |out<19>        |    8.538|
b<1>           |out<20>        |    8.343|
b<1>           |out<21>        |    8.391|
b<1>           |out<22>        |    8.265|
b<1>           |out<23>        |    8.559|
b<1>           |out<24>        |    8.611|
b<1>           |out<25>        |    8.560|
b<1>           |out<26>        |    8.320|
b<1>           |out<27>        |    8.801|
b<1>           |out<28>        |    8.658|
b<1>           |out<29>        |    8.679|
b<1>           |out<30>        |    8.541|
b<1>           |out<31>        |    8.799|
b<2>           |out<2>         |    8.136|
b<2>           |out<3>         |    8.209|
b<2>           |out<4>         |    8.359|
b<2>           |out<5>         |    8.079|
b<2>           |out<6>         |    8.252|
b<2>           |out<7>         |    8.048|
b<2>           |out<8>         |    6.592|
b<2>           |out<9>         |    8.042|
b<2>           |out<10>        |    8.026|
b<2>           |out<11>        |    8.198|
b<2>           |out<12>        |    8.252|
b<2>           |out<13>        |    8.461|
b<2>           |out<14>        |    8.372|
b<2>           |out<15>        |    8.414|
b<2>           |out<16>        |    8.200|
b<2>           |out<17>        |    8.307|
b<2>           |out<18>        |    8.217|
b<2>           |out<19>        |    8.651|
b<2>           |out<20>        |    8.456|
b<2>           |out<21>        |    8.504|
b<2>           |out<22>        |    8.378|
b<2>           |out<23>        |    8.672|
b<2>           |out<24>        |    8.724|
b<2>           |out<25>        |    8.673|
b<2>           |out<26>        |    8.433|
b<2>           |out<27>        |    8.914|
b<2>           |out<28>        |    8.771|
b<2>           |out<29>        |    8.792|
b<2>           |out<30>        |    8.654|
b<2>           |out<31>        |    8.912|
b<3>           |out<3>         |    8.245|
b<3>           |out<4>         |    8.468|
b<3>           |out<5>         |    8.188|
b<3>           |out<6>         |    8.361|
b<3>           |out<7>         |    8.157|
b<3>           |out<8>         |    6.701|
b<3>           |out<9>         |    8.151|
b<3>           |out<10>        |    8.135|
b<3>           |out<11>        |    8.307|
b<3>           |out<12>        |    8.361|
b<3>           |out<13>        |    8.570|
b<3>           |out<14>        |    8.481|
b<3>           |out<15>        |    8.523|
b<3>           |out<16>        |    8.309|
b<3>           |out<17>        |    8.416|
b<3>           |out<18>        |    8.326|
b<3>           |out<19>        |    8.760|
b<3>           |out<20>        |    8.565|
b<3>           |out<21>        |    8.613|
b<3>           |out<22>        |    8.487|
b<3>           |out<23>        |    8.781|
b<3>           |out<24>        |    8.833|
b<3>           |out<25>        |    8.782|
b<3>           |out<26>        |    8.542|
b<3>           |out<27>        |    9.023|
b<3>           |out<28>        |    8.880|
b<3>           |out<29>        |    8.901|
b<3>           |out<30>        |    8.763|
b<3>           |out<31>        |    9.021|
b<4>           |out<4>         |    7.801|
b<4>           |out<5>         |    7.568|
b<4>           |out<6>         |    7.887|
b<4>           |out<7>         |    7.674|
b<4>           |out<8>         |    6.288|
b<4>           |out<9>         |    7.738|
b<4>           |out<10>        |    7.722|
b<4>           |out<11>        |    7.894|
b<4>           |out<12>        |    7.948|
b<4>           |out<13>        |    8.157|
b<4>           |out<14>        |    8.068|
b<4>           |out<15>        |    8.110|
b<4>           |out<16>        |    7.896|
b<4>           |out<17>        |    8.003|
b<4>           |out<18>        |    7.913|
b<4>           |out<19>        |    8.347|
b<4>           |out<20>        |    8.152|
b<4>           |out<21>        |    8.200|
b<4>           |out<22>        |    8.074|
b<4>           |out<23>        |    8.368|
b<4>           |out<24>        |    8.420|
b<4>           |out<25>        |    8.369|
b<4>           |out<26>        |    8.129|
b<4>           |out<27>        |    8.610|
b<4>           |out<28>        |    8.467|
b<4>           |out<29>        |    8.488|
b<4>           |out<30>        |    8.350|
b<4>           |out<31>        |    8.608|
b<5>           |out<5>         |    7.737|
b<5>           |out<6>         |    8.214|
b<5>           |out<7>         |    8.002|
b<5>           |out<8>         |    6.612|
b<5>           |out<9>         |    8.062|
b<5>           |out<10>        |    8.046|
b<5>           |out<11>        |    8.218|
b<5>           |out<12>        |    8.272|
b<5>           |out<13>        |    8.481|
b<5>           |out<14>        |    8.392|
b<5>           |out<15>        |    8.434|
b<5>           |out<16>        |    8.220|
b<5>           |out<17>        |    8.327|
b<5>           |out<18>        |    8.237|
b<5>           |out<19>        |    8.671|
b<5>           |out<20>        |    8.476|
b<5>           |out<21>        |    8.524|
b<5>           |out<22>        |    8.398|
b<5>           |out<23>        |    8.692|
b<5>           |out<24>        |    8.744|
b<5>           |out<25>        |    8.693|
b<5>           |out<26>        |    8.453|
b<5>           |out<27>        |    8.934|
b<5>           |out<28>        |    8.791|
b<5>           |out<29>        |    8.812|
b<5>           |out<30>        |    8.674|
b<5>           |out<31>        |    8.932|
b<6>           |out<6>         |    7.977|
b<6>           |out<7>         |    7.794|
b<6>           |out<8>         |    6.503|
b<6>           |out<9>         |    7.953|
b<6>           |out<10>        |    7.937|
b<6>           |out<11>        |    8.109|
b<6>           |out<12>        |    8.163|
b<6>           |out<13>        |    8.372|
b<6>           |out<14>        |    8.283|
b<6>           |out<15>        |    8.325|
b<6>           |out<16>        |    8.111|
b<6>           |out<17>        |    8.218|
b<6>           |out<18>        |    8.128|
b<6>           |out<19>        |    8.562|
b<6>           |out<20>        |    8.367|
b<6>           |out<21>        |    8.415|
b<6>           |out<22>        |    8.289|
b<6>           |out<23>        |    8.583|
b<6>           |out<24>        |    8.635|
b<6>           |out<25>        |    8.584|
b<6>           |out<26>        |    8.344|
b<6>           |out<27>        |    8.825|
b<6>           |out<28>        |    8.682|
b<6>           |out<29>        |    8.703|
b<6>           |out<30>        |    8.565|
b<6>           |out<31>        |    8.823|
b<7>           |out<7>         |    7.625|
b<7>           |out<8>         |    6.407|
b<7>           |out<9>         |    7.857|
b<7>           |out<10>        |    7.841|
b<7>           |out<11>        |    8.013|
b<7>           |out<12>        |    8.067|
b<7>           |out<13>        |    8.276|
b<7>           |out<14>        |    8.187|
b<7>           |out<15>        |    8.229|
b<7>           |out<16>        |    8.015|
b<7>           |out<17>        |    8.122|
b<7>           |out<18>        |    8.032|
b<7>           |out<19>        |    8.466|
b<7>           |out<20>        |    8.271|
b<7>           |out<21>        |    8.319|
b<7>           |out<22>        |    8.193|
b<7>           |out<23>        |    8.487|
b<7>           |out<24>        |    8.539|
b<7>           |out<25>        |    8.488|
b<7>           |out<26>        |    8.248|
b<7>           |out<27>        |    8.729|
b<7>           |out<28>        |    8.586|
b<7>           |out<29>        |    8.607|
b<7>           |out<30>        |    8.469|
b<7>           |out<31>        |    8.727|
b<8>           |out<8>         |    6.146|
b<8>           |out<9>         |    7.643|
b<8>           |out<10>        |    7.773|
b<8>           |out<11>        |    7.936|
b<8>           |out<12>        |    8.060|
b<8>           |out<13>        |    8.269|
b<8>           |out<14>        |    8.180|
b<8>           |out<15>        |    8.222|
b<8>           |out<16>        |    8.008|
b<8>           |out<17>        |    8.115|
b<8>           |out<18>        |    8.025|
b<8>           |out<19>        |    8.459|
b<8>           |out<20>        |    8.264|
b<8>           |out<21>        |    8.312|
b<8>           |out<22>        |    8.186|
b<8>           |out<23>        |    8.480|
b<8>           |out<24>        |    8.532|
b<8>           |out<25>        |    8.481|
b<8>           |out<26>        |    8.241|
b<8>           |out<27>        |    8.722|
b<8>           |out<28>        |    8.579|
b<8>           |out<29>        |    8.600|
b<8>           |out<30>        |    8.462|
b<8>           |out<31>        |    8.720|
b<9>           |out<9>         |    7.477|
b<9>           |out<10>        |    7.765|
b<9>           |out<11>        |    7.929|
b<9>           |out<12>        |    8.049|
b<9>           |out<13>        |    8.258|
b<9>           |out<14>        |    8.169|
b<9>           |out<15>        |    8.211|
b<9>           |out<16>        |    7.997|
b<9>           |out<17>        |    8.104|
b<9>           |out<18>        |    8.014|
b<9>           |out<19>        |    8.448|
b<9>           |out<20>        |    8.253|
b<9>           |out<21>        |    8.301|
b<9>           |out<22>        |    8.175|
b<9>           |out<23>        |    8.469|
b<9>           |out<24>        |    8.521|
b<9>           |out<25>        |    8.470|
b<9>           |out<26>        |    8.230|
b<9>           |out<27>        |    8.711|
b<9>           |out<28>        |    8.568|
b<9>           |out<29>        |    8.589|
b<9>           |out<30>        |    8.451|
b<9>           |out<31>        |    8.709|
b<10>          |out<10>        |    7.514|
b<10>          |out<11>        |    7.707|
b<10>          |out<12>        |    7.926|
b<10>          |out<13>        |    8.135|
b<10>          |out<14>        |    8.046|
b<10>          |out<15>        |    8.088|
b<10>          |out<16>        |    7.874|
b<10>          |out<17>        |    7.981|
b<10>          |out<18>        |    7.891|
b<10>          |out<19>        |    8.325|
b<10>          |out<20>        |    8.130|
b<10>          |out<21>        |    8.178|
b<10>          |out<22>        |    8.052|
b<10>          |out<23>        |    8.346|
b<10>          |out<24>        |    8.398|
b<10>          |out<25>        |    8.347|
b<10>          |out<26>        |    8.107|
b<10>          |out<27>        |    8.588|
b<10>          |out<28>        |    8.445|
b<10>          |out<29>        |    8.466|
b<10>          |out<30>        |    8.328|
b<10>          |out<31>        |    8.586|
b<11>          |out<11>        |    7.600|
b<11>          |out<12>        |    7.892|
b<11>          |out<13>        |    8.101|
b<11>          |out<14>        |    8.012|
b<11>          |out<15>        |    8.054|
b<11>          |out<16>        |    7.840|
b<11>          |out<17>        |    7.947|
b<11>          |out<18>        |    7.857|
b<11>          |out<19>        |    8.291|
b<11>          |out<20>        |    8.096|
b<11>          |out<21>        |    8.144|
b<11>          |out<22>        |    8.018|
b<11>          |out<23>        |    8.312|
b<11>          |out<24>        |    8.364|
b<11>          |out<25>        |    8.313|
b<11>          |out<26>        |    8.073|
b<11>          |out<27>        |    8.554|
b<11>          |out<28>        |    8.411|
b<11>          |out<29>        |    8.432|
b<11>          |out<30>        |    8.294|
b<11>          |out<31>        |    8.552|
b<12>          |out<12>        |    7.168|
b<12>          |out<13>        |    7.424|
b<12>          |out<14>        |    7.481|
b<12>          |out<15>        |    7.514|
b<12>          |out<16>        |    7.370|
b<12>          |out<17>        |    7.477|
b<12>          |out<18>        |    7.387|
b<12>          |out<19>        |    7.821|
b<12>          |out<20>        |    7.626|
b<12>          |out<21>        |    7.674|
b<12>          |out<22>        |    7.548|
b<12>          |out<23>        |    7.842|
b<12>          |out<24>        |    7.894|
b<12>          |out<25>        |    7.843|
b<12>          |out<26>        |    7.603|
b<12>          |out<27>        |    8.084|
b<12>          |out<28>        |    7.941|
b<12>          |out<29>        |    7.962|
b<12>          |out<30>        |    7.824|
b<12>          |out<31>        |    8.082|
b<13>          |out<13>        |    7.470|
b<13>          |out<14>        |    7.685|
b<13>          |out<15>        |    7.719|
b<13>          |out<16>        |    7.571|
b<13>          |out<17>        |    7.678|
b<13>          |out<18>        |    7.588|
b<13>          |out<19>        |    8.022|
b<13>          |out<20>        |    7.827|
b<13>          |out<21>        |    7.875|
b<13>          |out<22>        |    7.749|
b<13>          |out<23>        |    8.043|
b<13>          |out<24>        |    8.095|
b<13>          |out<25>        |    8.044|
b<13>          |out<26>        |    7.804|
b<13>          |out<27>        |    8.285|
b<13>          |out<28>        |    8.142|
b<13>          |out<29>        |    8.163|
b<13>          |out<30>        |    8.025|
b<13>          |out<31>        |    8.283|
b<14>          |out<14>        |    7.314|
b<14>          |out<15>        |    7.377|
b<14>          |out<16>        |    7.328|
b<14>          |out<17>        |    7.435|
b<14>          |out<18>        |    7.345|
b<14>          |out<19>        |    7.779|
b<14>          |out<20>        |    7.584|
b<14>          |out<21>        |    7.632|
b<14>          |out<22>        |    7.506|
b<14>          |out<23>        |    7.800|
b<14>          |out<24>        |    7.852|
b<14>          |out<25>        |    7.801|
b<14>          |out<26>        |    7.561|
b<14>          |out<27>        |    8.042|
b<14>          |out<28>        |    7.899|
b<14>          |out<29>        |    7.920|
b<14>          |out<30>        |    7.782|
b<14>          |out<31>        |    8.040|
b<15>          |out<15>        |    7.308|
b<15>          |out<16>        |    7.332|
b<15>          |out<17>        |    7.439|
b<15>          |out<18>        |    7.349|
b<15>          |out<19>        |    7.783|
b<15>          |out<20>        |    7.588|
b<15>          |out<21>        |    7.636|
b<15>          |out<22>        |    7.510|
b<15>          |out<23>        |    7.804|
b<15>          |out<24>        |    7.856|
b<15>          |out<25>        |    7.805|
b<15>          |out<26>        |    7.565|
b<15>          |out<27>        |    8.046|
b<15>          |out<28>        |    7.903|
b<15>          |out<29>        |    7.924|
b<15>          |out<30>        |    7.786|
b<15>          |out<31>        |    8.044|
b<16>          |out<16>        |    6.905|
b<16>          |out<17>        |    7.059|
b<16>          |out<18>        |    7.115|
b<16>          |out<19>        |    7.540|
b<16>          |out<20>        |    7.415|
b<16>          |out<21>        |    7.463|
b<16>          |out<22>        |    7.337|
b<16>          |out<23>        |    7.631|
b<16>          |out<24>        |    7.683|
b<16>          |out<25>        |    7.632|
b<16>          |out<26>        |    7.392|
b<16>          |out<27>        |    7.873|
b<16>          |out<28>        |    7.730|
b<16>          |out<29>        |    7.751|
b<16>          |out<30>        |    7.613|
b<16>          |out<31>        |    7.871|
b<17>          |out<17>        |    6.999|
b<17>          |out<18>        |    7.213|
b<17>          |out<19>        |    7.639|
b<17>          |out<20>        |    7.510|
b<17>          |out<21>        |    7.558|
b<17>          |out<22>        |    7.432|
b<17>          |out<23>        |    7.726|
b<17>          |out<24>        |    7.778|
b<17>          |out<25>        |    7.727|
b<17>          |out<26>        |    7.487|
b<17>          |out<27>        |    7.968|
b<17>          |out<28>        |    7.825|
b<17>          |out<29>        |    7.846|
b<17>          |out<30>        |    7.708|
b<17>          |out<31>        |    7.966|
b<18>          |out<18>        |    7.139|
b<18>          |out<19>        |    7.594|
b<18>          |out<20>        |    7.564|
b<18>          |out<21>        |    7.612|
b<18>          |out<22>        |    7.486|
b<18>          |out<23>        |    7.780|
b<18>          |out<24>        |    7.832|
b<18>          |out<25>        |    7.781|
b<18>          |out<26>        |    7.541|
b<18>          |out<27>        |    8.022|
b<18>          |out<28>        |    7.879|
b<18>          |out<29>        |    7.900|
b<18>          |out<30>        |    7.762|
b<18>          |out<31>        |    8.020|
b<19>          |out<19>        |    8.642|
b<19>          |out<20>        |    8.685|
b<19>          |out<21>        |    8.733|
b<19>          |out<22>        |    8.607|
b<19>          |out<23>        |    8.901|
b<19>          |out<24>        |    8.953|
b<19>          |out<25>        |    8.902|
b<19>          |out<26>        |    8.662|
b<19>          |out<27>        |    9.143|
b<19>          |out<28>        |    9.000|
b<19>          |out<29>        |    9.021|
b<19>          |out<30>        |    8.883|
b<19>          |out<31>        |    9.141|
b<20>          |out<20>        |    6.986|
b<20>          |out<21>        |    7.081|
b<20>          |out<22>        |    7.101|
b<20>          |out<23>        |    7.386|
b<20>          |out<24>        |    7.508|
b<20>          |out<25>        |    7.457|
b<20>          |out<26>        |    7.217|
b<20>          |out<27>        |    7.698|
b<20>          |out<28>        |    7.555|
b<20>          |out<29>        |    7.576|
b<20>          |out<30>        |    7.438|
b<20>          |out<31>        |    7.696|
b<21>          |out<21>        |    7.296|
b<21>          |out<22>        |    7.474|
b<21>          |out<23>        |    7.760|
b<21>          |out<24>        |    7.878|
b<21>          |out<25>        |    7.827|
b<21>          |out<26>        |    7.587|
b<21>          |out<27>        |    8.068|
b<21>          |out<28>        |    7.925|
b<21>          |out<29>        |    7.946|
b<21>          |out<30>        |    7.808|
b<21>          |out<31>        |    8.066|
b<22>          |out<22>        |    6.914|
b<22>          |out<23>        |    7.229|
b<22>          |out<24>        |    7.446|
b<22>          |out<25>        |    7.395|
b<22>          |out<26>        |    7.155|
b<22>          |out<27>        |    7.636|
b<22>          |out<28>        |    7.493|
b<22>          |out<29>        |    7.514|
b<22>          |out<30>        |    7.376|
b<22>          |out<31>        |    7.634|
b<23>          |out<23>        |    7.234|
b<23>          |out<24>        |    7.524|
b<23>          |out<25>        |    7.473|
b<23>          |out<26>        |    7.233|
b<23>          |out<27>        |    7.714|
b<23>          |out<28>        |    7.571|
b<23>          |out<29>        |    7.592|
b<23>          |out<30>        |    7.454|
b<23>          |out<31>        |    7.712|
b<24>          |out<24>        |    7.498|
b<24>          |out<25>        |    7.494|
b<24>          |out<26>        |    7.400|
b<24>          |out<27>        |    7.872|
b<24>          |out<28>        |    7.799|
b<24>          |out<29>        |    7.820|
b<24>          |out<30>        |    7.682|
b<24>          |out<31>        |    7.940|
b<25>          |out<25>        |    7.078|
b<25>          |out<26>        |    7.142|
b<25>          |out<27>        |    7.615|
b<25>          |out<28>        |    7.538|
b<25>          |out<29>        |    7.559|
b<25>          |out<30>        |    7.421|
b<25>          |out<31>        |    7.679|
b<26>          |out<26>        |    7.104|
b<26>          |out<27>        |    7.606|
b<26>          |out<28>        |    7.628|
b<26>          |out<29>        |    7.649|
b<26>          |out<30>        |    7.511|
b<26>          |out<31>        |    7.769|
b<27>          |out<27>        |    7.319|
b<27>          |out<28>        |    7.414|
b<27>          |out<29>        |    7.435|
b<27>          |out<30>        |    7.297|
b<27>          |out<31>        |    7.555|
b<28>          |out<28>        |    7.403|
b<28>          |out<29>        |    7.471|
b<28>          |out<30>        |    7.479|
b<28>          |out<31>        |    7.728|
b<29>          |out<29>        |    7.539|
b<29>          |out<30>        |    7.705|
b<29>          |out<31>        |    7.955|
b<30>          |out<30>        |    7.472|
b<30>          |out<31>        |    7.751|
b<31>          |out<31>        |    7.687|
---------------+---------------+---------+


Analysis completed Sat Dec 21 14:24:30 2019 
--------------------------------------------------------------------------------

Trace Settings:
-------------------------
Trace Settings 

Peak Memory Usage: 615 MB



